no public port '6333/tcp' published for fd96b1f08c6002e28cfa3af8ddf710181bb0dc8372ddd86eddaf44522781fc60
           _                 _    
  __ _  __| |_ __ __ _ _ __ | |_  
 / _` |/ _` | '__/ _` | '_ \| __| 
| (_| | (_| | | | (_| | | | | |_  
 \__, |\__,_|_|  \__,_|_| |_|\__| 
    |_|                           

Version: 1.19.1, build: 6ab21cac
Access web UI at http://localhost:6333/dashboard
Agentic Skills: https://skills.qdrant.tech/

2026-09-27T06:42:37.288722Z  WARN qdrant: There is a potential issue with the filesystem for storage path ./storage. Details: Data will be lost on system restart - tmpfs is memory-based
2026-09-27T06:42:37.288807Z  INFO storage::content_manager::consensus::persistent: Initializing new raft state at ./storage/raft_state.json
2026-09-27T06:42:37.290351Z  INFO qdrant: Distributed mode disabled
2026-09-27T06:42:37.290415Z  INFO qdrant: Telemetry reporting disabled
2026-09-27T06:42:37.295737Z  WARN qdrant::startup: Failed to create init file indicator: failed to create file `.qdrant-initialized`: Read-only file system (os error 30)
2026-09-27T06:42:37.297431Z  INFO qdrant::actix: REST transport settings: keep_alive=5s, client_request_timeout=5s, client_disconnect_timeout=5s
2026-09-27T06:42:37.297443Z  INFO qdrant::actix: TLS disabled for REST API
2026-09-27T06:42:37.297506Z  INFO qdrant::actix: Qdrant HTTP listening on 6333
2026-09-27T06:42:37.297519Z  INFO actix_server::builder: starting 1 workers
2026-09-27T06:42:37.297544Z  INFO actix_server::server: Actix runtime found; starting in Actix runtime
2026-09-27T06:42:37.297551Z  INFO actix_server::server: starting service: "actix-web-service-0.0.0.0:6333", workers: 1, listening on: 0.0.0.0:6333
2026-09-27T06:42:37.302765Z  INFO qdrant::tonic: Qdrant gRPC listening on 6334
2026-09-27T06:42:37.302785Z  INFO qdrant::tonic: TLS disabled for gRPC API
CLEANUP owned Qdrant container and isolated network removed
