PASS application guardrails: 43 PHP files
ADVISORY possible application duplication: 1 group (minimum 48 normalized tokens); run `phpthis check --debug` for details; application validity is unaffected

 [OK] No errors                                                                 

PASS PHPThis application check
PASS disposable fixture setup
{"schema_version":1,"event":"application.request_summary","correlation_id":"2248920d64db4e073d612a01e6efbb8e","duration_us":14,"response_status":200,"outcome":"success","unknown_failure_class":null,"query_count":0,"query_failures":0,"query_execute_duration_us":0,"query_budget_exceeded":false,"database_sources":[{"name":"directory","budget_limit":3,"budget_used":0,"budget_exceeded":false,"query_trace":{"schema_version":1,"event":"database.query_summary","statements":0,"failures":0,"tracked_fingerprints":0,"repeated_fingerprints":0,"maximum_executions_per_fingerprint":0,"total_execute_duration_us":0,"slowest_execute_duration_us":0,"truncated":false,"untracked_statements":0,"queries":[]}}]}
{"schema_version":1,"event":"application.request_summary","correlation_id":"5c4bef18b60e897c7b8ab381e28f362f","duration_us":34,"response_status":400,"outcome":"known_failure","unknown_failure_class":null,"query_count":0,"query_failures":0,"query_execute_duration_us":0,"query_budget_exceeded":false,"database_sources":[{"name":"directory","budget_limit":3,"budget_used":0,"budget_exceeded":false,"query_trace":{"schema_version":1,"event":"database.query_summary","statements":0,"failures":0,"tracked_fingerprints":0,"repeated_fingerprints":0,"maximum_executions_per_fingerprint":0,"total_execute_duration_us":0,"slowest_execute_duration_us":0,"truncated":false,"untracked_statements":0,"queries":[]}}]}
{"schema_version":1,"event":"application.request_summary","correlation_id":"4169e5419a1d38ecd72564fa0ae1d538","duration_us":37,"response_status":413,"outcome":"known_failure","unknown_failure_class":null,"query_count":0,"query_failures":0,"query_execute_duration_us":0,"query_budget_exceeded":false,"database_sources":[{"name":"directory","budget_limit":3,"budget_used":0,"budget_exceeded":false,"query_trace":{"schema_version":1,"event":"database.query_summary","statements":0,"failures":0,"tracked_fingerprints":0,"repeated_fingerprints":0,"maximum_executions_per_fingerprint":0,"total_execute_duration_us":0,"slowest_execute_duration_us":0,"truncated":false,"untracked_statements":0,"queries":[]}}]}
PASS application behavior and front controller
PASS retained Create/List: success, policy order/replacement, denial, input, rollback, redaction, query counts 1/1 (2/500 rows)
PASS retained search: name/email, case, literal data, validation, tenant scope, continuation, query counts 1/1
PASS real HTTP: unchanged front controller, deny-all default, injected Create/List, tenant denial, summary counts/redaction
PASS Contract 14 raw targets and Contract 17 real controller empty/top/lower buffers
PASS outer HTTP original bootstrap missing fixture
Traceback (most recent call last):
  File "/Users/balfernandez/Projects/PHPThis/consumer-lifecycle/account-directory/tests/outer_failure.py", line 90, in <module>
    check("generic input non-selection", "<?php\ndeclare(strict_types=1);\n" + SETTINGS + "throw new RuntimeException('bootstrap-private-marker');\n")
    ~~~~~^^^^^^^^^^^^^^^^^^^^^^^^^^^^^^^^^^^^^^^^^^^^^^^^^^^^^^^^^^^^^^^^^^^^^^^^^^^^^^^^^^^^^^^^^^^^^^^^^^^^^^^^^^^^^^^^^^^^^^^^^^^^^^^^^^^^^^^^^^^^^
  File "/Users/balfernandez/Projects/PHPThis/consumer-lifecycle/account-directory/tests/outer_failure.py", line 67, in check
    assert settings == {"all_errors": True, "display_errors": "0", "display_startup_errors": "0",
           ^^^^^^^^^^^^^^^^^^^^^^^^^^^^^^^^^^^^^^^^^^^^^^^^^^^^^^^^^^^^^^^^^^^^^^^^^^^^^^^^^^^^^^
        "log_errors": "1", "ignore_args": "1", "private_log": True}, settings
        ^^^^^^^^^^^^^^^^^^^^^^^^^^^^^^^^^^^^^^^^^^^^^^^^^^^^^^^^^^^
AssertionError: {'all_errors': True, 'display_errors': '0', 'display_startup_errors': '0', 'log_errors': '1', 'ignore_args': '1', 'private_log': False}
Script python3 tests/outer_failure.py handling the test event returned with error code 1
Script @test was called via check
